------------------------------------------------------------
Timing Analyzer Summary
------------------------------------------------------------

Type  : Slow 1100mV 85C Model Setup 'CLOCK_50'
Slack : -4.764
TNS   : -170.965

Type  : Slow 1100mV 85C Model Hold 'CLOCK_50'
Slack : 0.403
TNS   : 0.000

Type  : Slow 1100mV 85C Model Minimum Pulse Width 'CLOCK_50'
Slack : -0.538
TNS   : -50.765

Type  : Slow 1100mV 0C Model Setup 'CLOCK_50'
Slack : -4.935
TNS   : -170.032

Type  : Slow 1100mV 0C Model Hold 'CLOCK_50'
Slack : 0.380
TNS   : 0.000

Type  : Slow 1100mV 0C Model Minimum Pulse Width 'CLOCK_50'
Slack : -0.538
TNS   : -45.287

Type  : Fast 1100mV 85C Model Setup 'CLOCK_50'
Slack : -1.701
TNS   : -50.898

Type  : Fast 1100mV 85C Model Hold 'CLOCK_50'
Slack : 0.201
TNS   : 0.000

Type  : Fast 1100mV 85C Model Minimum Pulse Width 'CLOCK_50'
Slack : -0.404
TNS   : -26.418

Type  : Fast 1100mV 0C Model Setup 'CLOCK_50'
Slack : -1.502
TNS   : -41.976

Type  : Fast 1100mV 0C Model Hold 'CLOCK_50'
Slack : 0.191
TNS   : 0.000

Type  : Fast 1100mV 0C Model Minimum Pulse Width 'CLOCK_50'
Slack : -0.443
TNS   : -31.752

------------------------------------------------------------
